../Core/Src/main.c:106:6:ADC_Select_CH	32	static
../Core/Src/main.c:243:6:DIGITS_Display	56	static
../Core/Src/main.c:336:6:HCSR04_TRIG_PULSE	16	static
../Core/Src/main.c:344:6:MOTOR_Run	16	static
../Core/Src/main.c:355:6:SERVO_Run	24	static
../Core/Src/main.c:369:6:RGBLED_Run	16	static
../Core/Src/main.c:406:5:generate_random	16	static
../Core/Src/main.c:415:5:main	80	static
../Core/Src/main.c:761:6:SystemClock_Config	88	static
../Core/Src/main.c:803:13:MX_ADC1_Init	24	static
../Core/Src/main.c:855:13:MX_TIM2_Init	64	static
../Core/Src/main.c:914:13:MX_TIM3_Init	48	static
../Core/Src/main.c:968:13:MX_TIM4_Init	48	static
../Core/Src/main.c:1026:13:MX_TIM5_Init	32	static
../Core/Src/main.c:1071:13:MX_USART2_UART_Init	8	static
../Core/Src/main.c:1104:13:MX_USART6_UART_Init	8	static
../Core/Src/main.c:1138:13:MX_GPIO_Init	48	static
../Core/Src/main.c:1207:6:HAL_UART_RxCpltCallback	16	static
../Core/Src/main.c:1217:6:HAL_TIM_IC_CaptureCallback	16	static
../Core/Src/main.c:1238:6:HAL_GPIO_EXTI_Callback	16	static
../Core/Src/main.c:1246:6:HAL_TIM_PeriodElapsedCallback	16	static
../Core/Src/main.c:1276:6:Error_Handler	4	static,ignoring_inline_asm
